// Jest Snapshot v1, https://goo.gl/fbAQLP

exports[`<Test Component /> should mount without crashing 1`] = `
ShallowWrapper {
  Symbol(enzyme.__root__): [Circular],
  Symbol(enzyme.__unrendered__): <Unknown />,
  Symbol(enzyme.__renderer__): Object {
    "batchedUpdates": [Function],
    "getNode": [Function],
    "render": [Function],
    "simulateEvent": [Function],
    "unmount": [Function],
  },
  Symbol(enzyme.__node__): Object {
    "instance": null,
    "key": undefined,
    "nodeType": "host",
    "props": Object {
      "children": <div
        className="col s12 white"
      >
        © 
        2018
      </div>,
      "className": "footer-wrapper",
    },
    "ref": null,
    "rendered": Object {
      "instance": null,
      "key": undefined,
      "nodeType": "host",
      "props": Object {
        "children": Array [
          "© ",
          2018,
        ],
        "className": "col s12 white",
      },
      "ref": null,
      "rendered": Array [
        "© ",
        2018,
      ],
      "type": "div",
    },
    "type": "footer",
  },
  Symbol(enzyme.__nodes__): Array [
    Object {
      "instance": null,
      "key": undefined,
      "nodeType": "host",
      "props": Object {
        "children": <div
          className="col s12 white"
        >
          © 
          2018
        </div>,
        "className": "footer-wrapper",
      },
      "ref": null,
      "rendered": Object {
        "instance": null,
        "key": undefined,
        "nodeType": "host",
        "props": Object {
          "children": Array [
            "© ",
            2018,
          ],
          "className": "col s12 white",
        },
        "ref": null,
        "rendered": Array [
          "© ",
          2018,
        ],
        "type": "div",
      },
      "type": "footer",
    },
  ],
  Symbol(enzyme.__options__): Object {
    "adapter": ReactSixteenAdapter {
      "options": Object {
        "enableComponentDidUpdateOnSetState": true,
        "lifecycles": Object {
          "componentDidUpdate": Object {
            "onSetState": true,
          },
          "getSnapshotBeforeUpdate": true,
        },
      },
    },
    "attachTo": undefined,
    "hydrateIn": undefined,
  },
}
`;
